vite v8.1.4 building client environment for production...
[2Ktransforming...✓ 51 modules transformed.
rendering chunks...
computing gzip size...
dist/receipt.html                                                       0.78 kB │ gzip:   0.45 kB
dist/index.html                                                         0.88 kB │ gzip:   0.49 kB
dist/assets/ibm-plex-sans-arabic-latin-ext-700-normal-C7GcWn11.woff     5.08 kB
dist/assets/ibm-plex-sans-arabic-latin-ext-400-normal-BeVLg08x.woff     5.10 kB
dist/assets/ibm-plex-sans-arabic-latin-ext-500-normal-eJxPnL1P.woff     5.11 kB
dist/assets/ibm-plex-sans-arabic-latin-ext-600-normal-DT29Q8HW.woff     5.12 kB
dist/assets/ibm-plex-mono-vietnamese-500-normal-C8zxqsMH.woff           5.61 kB
dist/assets/ibm-plex-mono-vietnamese-400-normal-DDuiU_S-.woff           5.62 kB
dist/assets/ibm-plex-mono-vietnamese-600-normal-iLQfcSjf.woff           5.71 kB
dist/assets/ibm-plex-mono-cyrillic-ext-500-normal-BIfNGwUT.woff         5.77 kB
dist/assets/ibm-plex-mono-cyrillic-ext-600-normal-9HEixskS.woff         5.79 kB
dist/assets/ibm-plex-mono-cyrillic-ext-400-normal-DMdlQ8Kv.woff         5.82 kB
dist/assets/ibm-plex-mono-vietnamese-400-normal-BulugwFq.woff2          5.86 kB
dist/assets/ibm-plex-mono-vietnamese-500-normal-DZ4AoWbu.woff2          6.04 kB
dist/assets/ibm-plex-sans-vietnamese-400-normal-fK1oJ5dG.woff           6.39 kB
dist/assets/ibm-plex-sans-vietnamese-700-normal-BV5B8Are.woff           6.42 kB
dist/assets/ibm-plex-sans-arabic-latin-ext-500-normal-Ck_W4G78.woff2    6.54 kB
dist/assets/ibm-plex-sans-arabic-latin-ext-700-normal-BSbyEp0V.woff2    6.56 kB
dist/assets/ibm-plex-sans-vietnamese-600-normal-DgdngZtN.woff           6.58 kB
dist/assets/ibm-plex-sans-vietnamese-500-normal-BEb3_waV.woff           6.58 kB
dist/assets/ibm-plex-sans-arabic-latin-ext-400-normal-BpLfq-63.woff2    6.65 kB
dist/assets/ibm-plex-sans-arabic-latin-ext-600-normal-DjDAeNQD.woff2    6.68 kB
dist/assets/ibm-plex-mono-cyrillic-ext-400-normal-xuaO2J-f.woff2        6.91 kB
dist/assets/ibm-plex-mono-vietnamese-600-normal-D2EvbN8M.woff2          6.93 kB
dist/assets/ibm-plex-mono-cyrillic-ext-500-normal-BqneJy0T.woff2        6.97 kB
dist/assets/ibm-plex-mono-cyrillic-400-normal-CEL4l2ZJ.woff             7.20 kB
dist/assets/ibm-plex-mono-cyrillic-500-normal-Ael50iVv.woff             7.20 kB
dist/assets/ibm-plex-mono-cyrillic-600-normal-fLZuRloM.woff             7.26 kB
dist/assets/ibm-plex-mono-cyrillic-ext-600-normal-V-xxqcpd.woff2        7.69 kB
dist/assets/ibm-plex-sans-vietnamese-400-normal-DG4YqDda.woff2          8.20 kB
dist/assets/ibm-plex-sans-vietnamese-700-normal-CkEo6LDy.woff2          8.22 kB
dist/assets/ibm-plex-mono-cyrillic-400-normal-BSMlKf0J.woff2            8.35 kB
dist/assets/ibm-plex-sans-vietnamese-500-normal-e4dixQRQ.woff2          8.41 kB
dist/assets/ibm-plex-mono-cyrillic-500-normal-Bq9vWWag.woff2            8.46 kB
dist/assets/ibm-plex-sans-vietnamese-600-normal-DpPYBSTl.woff2          8.46 kB
dist/assets/ibm-plex-sans-greek-700-normal-CkZN0sRy.woff                8.74 kB
dist/assets/ibm-plex-sans-greek-400-normal-D9ESIMu3.woff                8.76 kB
dist/assets/ibm-plex-sans-greek-500-normal-CuWXN6rf.woff                9.14 kB
dist/assets/ibm-plex-sans-greek-600-normal-D-CqTdkO.woff                9.22 kB
dist/assets/ibm-plex-mono-cyrillic-600-normal-CTOM6hUh.woff2            9.35 kB
dist/assets/ibm-plex-sans-greek-700-normal-wyJ6jzdA.woff2               9.92 kB
dist/assets/ibm-plex-sans-greek-400-normal-_efipK4i.woff2               9.94 kB
dist/assets/ibm-plex-sans-cyrillic-ext-700-normal-DCQwxkRk.woff        10.16 kB
dist/assets/ibm-plex-sans-cyrillic-ext-400-normal-Dsrv2Tcn.woff        10.28 kB
dist/assets/ibm-plex-sans-greek-600-normal-DzTrcv_p.woff2              10.36 kB
dist/assets/ibm-plex-sans-greek-500-normal-JMMifIXV.woff2              10.37 kB
dist/assets/ibm-plex-sans-cyrillic-ext-500-normal-DB5PtV2g.woff        10.59 kB
dist/assets/ibm-plex-sans-cyrillic-ext-600-normal-Bz0x94Yp.woff        10.61 kB
dist/assets/ibm-plex-mono-latin-ext-400-normal-D3D2R8hC.woff           11.76 kB
dist/assets/ibm-plex-mono-latin-ext-500-normal-CZ70TYgx.woff           11.76 kB
dist/assets/ibm-plex-mono-latin-ext-600-normal-DmB0ttJJ.woff           11.83 kB
dist/assets/ibm-plex-sans-cyrillic-ext-700-normal-BmRLXWpJ.woff2       12.05 kB
dist/assets/ibm-plex-sans-cyrillic-ext-400-normal-g30qAdWV.woff2       12.14 kB
dist/assets/ibm-plex-sans-cyrillic-ext-600-normal-DUMzJB7m.woff2       12.30 kB
dist/assets/ibm-plex-sans-cyrillic-ext-500-normal-Cs5J6C77.woff2       12.30 kB
dist/assets/ibm-plex-mono-latin-400-normal-CvHOgSBP.woff               13.14 kB
dist/assets/ibm-plex-mono-latin-500-normal-CB9ihrfo.woff               13.15 kB
dist/assets/ibm-plex-mono-latin-600-normal-DWFSQ4vo.woff               13.20 kB
dist/assets/ibm-plex-sans-cyrillic-700-normal-RFb1v-CK.woff            13.32 kB
dist/assets/ibm-plex-mono-latin-ext-400-normal-BmRBH3aV.woff2          13.34 kB
dist/assets/ibm-plex-mono-latin-ext-500-normal-CAhNIIs5.woff2          13.43 kB
dist/assets/ibm-plex-sans-cyrillic-400-normal-BTotfTJu.woff            13.51 kB
dist/assets/ibm-plex-sans-cyrillic-500-normal-ByOcLdNv.woff            13.85 kB
dist/assets/ibm-plex-sans-cyrillic-600-normal-BGq0mW3O.woff            13.88 kB
dist/assets/ibm-plex-mono-latin-ext-600-normal-D38SheWl.woff2          14.32 kB
dist/assets/ibm-plex-sans-latin-ext-400-normal-RBey6euL.woff           14.36 kB
dist/assets/ibm-plex-sans-latin-ext-700-normal-DZH6Xh-4.woff           14.42 kB
dist/assets/ibm-plex-sans-cyrillic-700-normal-D_uavGvn.woff2           14.57 kB
dist/assets/ibm-plex-mono-latin-400-normal-DMJ8VG8y.woff2              14.70 kB
dist/assets/ibm-plex-sans-latin-ext-500-normal-D0aIdm-b.woff           14.73 kB
dist/assets/ibm-plex-sans-latin-ext-600-normal-DIrixKbi.woff           14.77 kB
dist/assets/ibm-plex-sans-cyrillic-400-normal-DZqxrq2p.woff2           14.80 kB
dist/assets/ibm-plex-mono-latin-500-normal-DSY6xOcd.woff2              14.88 kB
dist/assets/ibm-plex-sans-cyrillic-500-normal-CocWQlwt.woff2           15.00 kB
dist/assets/ibm-plex-sans-cyrillic-600-normal-71GNu3SW.woff2           15.04 kB
dist/assets/ibm-plex-mono-latin-600-normal-BgSNZQsw.woff2              15.62 kB
dist/assets/ibm-plex-sans-latin-ext-400-normal-C5H60-Va.woff2          15.98 kB
dist/assets/ibm-plex-sans-latin-ext-700-normal-aMgXseD4.woff2          16.18 kB
dist/assets/ibm-plex-sans-latin-ext-600-normal-DOrvGEcy.woff2          16.44 kB
dist/assets/ibm-plex-sans-latin-ext-500-normal-DakdToA3.woff2          16.45 kB
dist/assets/ibm-plex-sans-arabic-latin-400-normal-CFZh1unN.woff        17.51 kB
dist/assets/ibm-plex-sans-arabic-latin-700-normal-Cl4F7CZR.woff        17.78 kB
dist/assets/ibm-plex-sans-arabic-latin-500-normal-BletK1Hp.woff        18.64 kB
dist/assets/ibm-plex-sans-arabic-latin-600-normal-Dk5eISD_.woff        18.88 kB
dist/assets/ibm-plex-sans-arabic-latin-400-normal-Bo5KPYvw.woff2       19.16 kB
dist/assets/ibm-plex-sans-arabic-latin-700-normal-BzSf6GNr.woff2       19.50 kB
dist/assets/ibm-plex-sans-arabic-latin-500-normal-Cd6jVIg7.woff2       20.08 kB
dist/assets/ibm-plex-sans-arabic-latin-600-normal-KrqB56Mw.woff2       20.50 kB
dist/assets/ibm-plex-sans-latin-400-normal-CYLoc0-x.woff               22.10 kB
dist/assets/ibm-plex-sans-latin-700-normal-Bth3BMcD.woff               22.28 kB
dist/assets/ibm-plex-sans-latin-400-normal-CDDApCn2.woff2              22.58 kB
dist/assets/ibm-plex-sans-latin-700-normal-Bxkt5Cjx.woff2              22.83 kB
dist/assets/ibm-plex-sans-latin-600-normal-Cu4Hd6ag.woff               23.87 kB
dist/assets/ibm-plex-sans-latin-500-normal-BgVn5rGT.woff               23.91 kB
dist/assets/ibm-plex-sans-latin-500-normal-6ng42L7E.woff2              24.18 kB
dist/assets/ibm-plex-sans-latin-600-normal-CuJfVYMP.woff2              24.25 kB
dist/assets/sqlite3-opfs-async-proxy-D_xnb1D8.js                       32.28 kB
dist/assets/ibm-plex-sans-arabic-arabic-400-normal-CyU-ddYS.woff2      42.84 kB
dist/assets/ibm-plex-sans-arabic-arabic-400-normal-EA1o-u_Q.woff       44.13 kB
dist/assets/ibm-plex-sans-arabic-arabic-700-normal-DrtBj6UE.woff2      44.28 kB
dist/assets/ibm-plex-sans-arabic-arabic-700-normal-9rXc6cUL.woff       44.36 kB
dist/assets/ibm-plex-sans-arabic-arabic-500-normal-C4MQITzh.woff2      45.29 kB
dist/assets/ibm-plex-sans-arabic-arabic-600-normal-0pRdybE_.woff2      45.68 kB
dist/assets/ibm-plex-sans-arabic-arabic-600-normal-MJZ0liF5.woff       46.78 kB
dist/assets/ibm-plex-sans-arabic-arabic-500-normal-DPXcppbm.woff       46.92 kB
dist/assets/sqlite3-worker1-Cq2LURw9.js                               210.87 kB
dist/assets/worker-T-xHCGfw.js                                        232.81 kB
dist/assets/sqlite3-BVKGSWc-.wasm                                     864.75 kB │ gzip: 405.63 kB
dist/assets/receipt-bUN22mSB.css                                       24.28 kB │ gzip:   9.11 kB
dist/assets/main--f151hCX.css                                          41.34 kB │ gzip:  13.22 kB
dist/assets/modulepreload-polyfill-Dezn_h7o.js                          0.69 kB │ gzip:   0.39 kB
dist/assets/esm-BgPhp90k.js                                             1.84 kB │ gzip:   0.91 kB
dist/assets/receipt-boyWRZeU.js                                         1.95 kB │ gzip:   0.81 kB
dist/assets/web-B7aW8Hs7.js                                             3.48 kB │ gzip:   1.13 kB
dist/assets/main-BxhAslLl.js                                          373.73 kB │ gzip: 105.58 kB

✓ built in 802ms
